// Jest Snapshot v1, https://goo.gl/fbAQLP

exports[`components/NotFoundPage should correctly render NotFoundPage 1`] = `
<div>
  <h1>
    404 Not Found
  </h1>
  <YouTube
    className={null}
    containerClassName=""
    id={null}
    onEnd={[Function]}
    onError={[Function]}
    onPause={[Function]}
    onPlay={[Function]}
    onPlaybackQualityChange={[Function]}
    onPlaybackRateChange={[Function]}
    onReady={[Function]}
    onStateChange={[Function]}
    opts={
      Object {
        "height": "390",
        "playerVars": Object {
          "autoplay": 1,
        },
        "width": "640",
      }
    }
    videoId="ZZ5LpwO-An4"
  />
  <br />
  <Link
    replace={false}
    to="/"
  >
    Go Home
  </Link>
</div>
`;
